======================================================================
                    TEXAS HOLD'EM POKER
======================================================================

Enter your name: Enter server address (default: 127.0.0.1): ======================================================================
                    TEXAS HOLD'EM POKER
======================================================================

Enter your name: Enter server address (default: 127.0.0.1): Enter server port (default: 5555): Invalid address: Success
Enter server port (default: 5555): Invalid address: Success
